Reading first file from: input/spline_down.txt
Reading second file from: input/nofile
Output file will be: res/nofile
