Reading first file from: input/nofile
Reading second file from: input/spline_up.txt
Output file will be: res/nofile
