Reading first file from: input/spline_down.txt
Reading second file from: input/spline_up.txt
Output file will be: nodir/nofile
