Reading second file from: input/spline_down_longer.txt
Reading first file from: input/spline_up.txt
Output file will be: res/secondbad
