Output file will be: abc
Reading second file from: cab
MergePriorProb helper:

-1	--first	REQUIRED: first spline file.

-2	--second	REQUIRED: second spline file.

-o	--output	REQUIRED: output spline file.

-h	--help	show this message
